[07-Dec-2020 09:37:55 UTC] PHP Deprecated:  contextual_help est <strong>obsolète</strong> depuis la version 3.3.0 ! Utilisez get_current_screen()->add_help_tab(), get_current_screen()->remove_help_tab() à la place. in /var/www/html/wp-includes/functions.php on line 5152
[07-Dec-2020 09:37:57 UTC] PHP Deprecated:  contextual_help est <strong>obsolète</strong> depuis la version 3.3.0 ! Utilisez get_current_screen()->add_help_tab(), get_current_screen()->remove_help_tab() à la place. in /var/www/html/wp-includes/functions.php on line 5152
[07-Dec-2020 09:38:05 UTC] PHP Deprecated:  contextual_help est <strong>obsolète</strong> depuis la version 3.3.0 ! Utilisez get_current_screen()->add_help_tab(), get_current_screen()->remove_help_tab() à la place. in /var/www/html/wp-includes/functions.php on line 5152
[07-Dec-2020 09:38:06 UTC] PHP Deprecated:  contextual_help est <strong>obsolète</strong> depuis la version 3.3.0 ! Utilisez get_current_screen()->add_help_tab(), get_current_screen()->remove_help_tab() à la place. in /var/www/html/wp-includes/functions.php on line 5152
[07-Dec-2020 09:38:48 UTC] PHP Deprecated:  contextual_help est <strong>obsolète</strong> depuis la version 3.3.0 ! Utilisez get_current_screen()->add_help_tab(), get_current_screen()->remove_help_tab() à la place. in /var/www/html/wp-includes/functions.php on line 5152
[07-Dec-2020 09:39:14 UTC] PHP Deprecated:  contextual_help est <strong>obsolète</strong> depuis la version 3.3.0 ! Utilisez get_current_screen()->add_help_tab(), get_current_screen()->remove_help_tab() à la place. in /var/www/html/wp-includes/functions.php on line 5152
[07-Dec-2020 09:39:17 UTC] PHP Deprecated:  contextual_help est <strong>obsolète</strong> depuis la version 3.3.0 ! Utilisez get_current_screen()->add_help_tab(), get_current_screen()->remove_help_tab() à la place. in /var/www/html/wp-includes/functions.php on line 5152
[07-Dec-2020 09:44:50 UTC] PHP Warning:  require_once(/var/www/html/wp-content/themes/enfold/config-layerslider/config.php): failed to open stream: No such file or directory in /var/www/html/wp-content/themes/enfold/functions.php on line 462
[07-Dec-2020 09:44:50 UTC] PHP Fatal error:  require_once(): Failed opening required '/var/www/html/wp-content/themes/enfold/config-layerslider/config.php' (include_path='/var/www/html/wp-content/plugins/backwpup/vendor/pear/archive_tar:/var/www/html/wp-content/plugins/backwpup/vendor/pear/console_getopt:/var/www/html/wp-content/plugins/backwpup/vendor/pear/pear-core-minimal/src:/var/www/html/wp-content/plugins/backwpup/vendor/pear/pear_exception:.:/usr/share/php') in /var/www/html/wp-content/themes/enfold/functions.php on line 462
[07-Dec-2020 09:45:16 UTC] PHP Warning:  require_once(config-layerslider/config.php): failed to open stream: No such file or directory in /var/www/html/wp-content/themes/enfold/functions.php on line 462
[07-Dec-2020 09:45:16 UTC] PHP Fatal error:  require_once(): Failed opening required 'config-layerslider/config.php' (include_path='/var/www/html/wp-content/plugins/backwpup/vendor/pear/archive_tar:/var/www/html/wp-content/plugins/backwpup/vendor/pear/console_getopt:/var/www/html/wp-content/plugins/backwpup/vendor/pear/pear-core-minimal/src:/var/www/html/wp-content/plugins/backwpup/vendor/pear/pear_exception:.:/usr/share/php') in /var/www/html/wp-content/themes/enfold/functions.php on line 462
[07-Dec-2020 09:45:19 UTC] PHP Warning:  require_once(config-layerslider/config.php): failed to open stream: No such file or directory in /var/www/html/wp-content/themes/enfold/functions.php on line 462
[07-Dec-2020 09:45:19 UTC] PHP Fatal error:  require_once(): Failed opening required 'config-layerslider/config.php' (include_path='/var/www/html/wp-content/plugins/backwpup/vendor/pear/archive_tar:/var/www/html/wp-content/plugins/backwpup/vendor/pear/console_getopt:/var/www/html/wp-content/plugins/backwpup/vendor/pear/pear-core-minimal/src:/var/www/html/wp-content/plugins/backwpup/vendor/pear/pear_exception:.:/usr/share/php') in /var/www/html/wp-content/themes/enfold/functions.php on line 462
[07-Dec-2020 09:46:51 UTC] PHP Warning:  require_once(config-layerslider/config.php): failed to open stream: No such file or directory in /var/www/html/wp-content/themes/enfold/functions.php on line 462
[07-Dec-2020 09:46:51 UTC] PHP Fatal error:  require_once(): Failed opening required 'config-layerslider/config.php' (include_path='/var/www/html/wp-content/plugins/backwpup/vendor/pear/archive_tar:/var/www/html/wp-content/plugins/backwpup/vendor/pear/console_getopt:/var/www/html/wp-content/plugins/backwpup/vendor/pear/pear-core-minimal/src:/var/www/html/wp-content/plugins/backwpup/vendor/pear/pear_exception:.:/usr/share/php') in /var/www/html/wp-content/themes/enfold/functions.php on line 462
[07-Dec-2020 09:47:20 UTC] PHP Warning:  require_once(config-layerslider/config.php): failed to open stream: No such file or directory in /var/www/html/wp-content/themes/enfold/functions.php on line 462
[07-Dec-2020 09:47:20 UTC] PHP Fatal error:  require_once(): Failed opening required 'config-layerslider/config.php' (include_path='/var/www/html/wp-content/plugins/backwpup/vendor/pear/archive_tar:/var/www/html/wp-content/plugins/backwpup/vendor/pear/console_getopt:/var/www/html/wp-content/plugins/backwpup/vendor/pear/pear-core-minimal/src:/var/www/html/wp-content/plugins/backwpup/vendor/pear/pear_exception:.:/usr/share/php') in /var/www/html/wp-content/themes/enfold/functions.php on line 462
[07-Dec-2020 09:47:26 UTC] PHP Warning:  require_once(config-layerslider/config.php): failed to open stream: No such file or directory in /var/www/html/wp-content/themes/enfold/functions.php on line 462
[07-Dec-2020 09:47:26 UTC] PHP Fatal error:  require_once(): Failed opening required 'config-layerslider/config.php' (include_path='/var/www/html/wp-content/plugins/backwpup/vendor/pear/archive_tar:/var/www/html/wp-content/plugins/backwpup/vendor/pear/console_getopt:/var/www/html/wp-content/plugins/backwpup/vendor/pear/pear-core-minimal/src:/var/www/html/wp-content/plugins/backwpup/vendor/pear/pear_exception:.:/usr/share/php') in /var/www/html/wp-content/themes/enfold/functions.php on line 462
[07-Dec-2020 09:47:41 UTC] PHP Warning:  require_once(config-layerslider/config.php): failed to open stream: No such file or directory in /var/www/html/wp-content/themes/enfold/functions.php on line 462
[07-Dec-2020 09:47:41 UTC] PHP Fatal error:  require_once(): Failed opening required 'config-layerslider/config.php' (include_path='/var/www/html/wp-content/plugins/backwpup/vendor/pear/archive_tar:/var/www/html/wp-content/plugins/backwpup/vendor/pear/console_getopt:/var/www/html/wp-content/plugins/backwpup/vendor/pear/pear-core-minimal/src:/var/www/html/wp-content/plugins/backwpup/vendor/pear/pear_exception:.:/usr/share/php') in /var/www/html/wp-content/themes/enfold/functions.php on line 462
[07-Dec-2020 09:47:41 UTC] PHP Warning:  require_once(config-layerslider/config.php): failed to open stream: No such file or directory in /var/www/html/wp-content/themes/enfold/functions.php on line 462
[07-Dec-2020 09:47:41 UTC] PHP Fatal error:  require_once(): Failed opening required 'config-layerslider/config.php' (include_path='/var/www/html/wp-content/plugins/backwpup/vendor/pear/archive_tar:/var/www/html/wp-content/plugins/backwpup/vendor/pear/console_getopt:/var/www/html/wp-content/plugins/backwpup/vendor/pear/pear-core-minimal/src:/var/www/html/wp-content/plugins/backwpup/vendor/pear/pear_exception:.:/usr/share/php') in /var/www/html/wp-content/themes/enfold/functions.php on line 462
[07-Dec-2020 09:47:41 UTC] PHP Warning:  require_once(config-layerslider/config.php): failed to open stream: No such file or directory in /var/www/html/wp-content/themes/enfold/functions.php on line 462
[07-Dec-2020 09:47:41 UTC] PHP Fatal error:  require_once(): Failed opening required 'config-layerslider/config.php' (include_path='/var/www/html/wp-content/plugins/backwpup/vendor/pear/archive_tar:/var/www/html/wp-content/plugins/backwpup/vendor/pear/console_getopt:/var/www/html/wp-content/plugins/backwpup/vendor/pear/pear-core-minimal/src:/var/www/html/wp-content/plugins/backwpup/vendor/pear/pear_exception:.:/usr/share/php') in /var/www/html/wp-content/themes/enfold/functions.php on line 462
[07-Dec-2020 09:47:41 UTC] PHP Warning:  require_once(config-layerslider/config.php): failed to open stream: No such file or directory in /var/www/html/wp-content/themes/enfold/functions.php on line 462
[07-Dec-2020 09:47:41 UTC] PHP Fatal error:  require_once(): Failed opening required 'config-layerslider/config.php' (include_path='/var/www/html/wp-content/plugins/backwpup/vendor/pear/archive_tar:/var/www/html/wp-content/plugins/backwpup/vendor/pear/console_getopt:/var/www/html/wp-content/plugins/backwpup/vendor/pear/pear-core-minimal/src:/var/www/html/wp-content/plugins/backwpup/vendor/pear/pear_exception:.:/usr/share/php') in /var/www/html/wp-content/themes/enfold/functions.php on line 462
[07-Dec-2020 09:47:41 UTC] PHP Warning:  require_once(config-layerslider/config.php): failed to open stream: No such file or directory in /var/www/html/wp-content/themes/enfold/functions.php on line 462
[07-Dec-2020 09:47:41 UTC] PHP Fatal error:  require_once(): Failed opening required 'config-layerslider/config.php' (include_path='/var/www/html/wp-content/plugins/backwpup/vendor/pear/archive_tar:/var/www/html/wp-content/plugins/backwpup/vendor/pear/console_getopt:/var/www/html/wp-content/plugins/backwpup/vendor/pear/pear-core-minimal/src:/var/www/html/wp-content/plugins/backwpup/vendor/pear/pear_exception:.:/usr/share/php') in /var/www/html/wp-content/themes/enfold/functions.php on line 462
[07-Dec-2020 09:49:17 UTC] PHP Warning:  require_once(/var/www/html/wp-content/themes/enfold/config-templatebuilder/config.php): failed to open stream: No such file or directory in /var/www/html/wp-content/themes/enfold/functions.php on line 465
[07-Dec-2020 09:49:17 UTC] PHP Fatal error:  require_once(): Failed opening required '/var/www/html/wp-content/themes/enfold/config-templatebuilder/config.php' (include_path='/var/www/html/wp-content/plugins/backwpup/vendor/pear/archive_tar:/var/www/html/wp-content/plugins/backwpup/vendor/pear/console_getopt:/var/www/html/wp-content/plugins/backwpup/vendor/pear/pear-core-minimal/src:/var/www/html/wp-content/plugins/backwpup/vendor/pear/pear_exception:.:/usr/share/php') in /var/www/html/wp-content/themes/enfold/functions.php on line 465
[07-Dec-2020 09:49:21 UTC] PHP Warning:  require_once(config-templatebuilder/config.php): failed to open stream: No such file or directory in /var/www/html/wp-content/themes/enfold/functions.php on line 465
[07-Dec-2020 09:49:21 UTC] PHP Fatal error:  require_once(): Failed opening required 'config-templatebuilder/config.php' (include_path='/var/www/html/wp-content/plugins/backwpup/vendor/pear/archive_tar:/var/www/html/wp-content/plugins/backwpup/vendor/pear/console_getopt:/var/www/html/wp-content/plugins/backwpup/vendor/pear/pear-core-minimal/src:/var/www/html/wp-content/plugins/backwpup/vendor/pear/pear_exception:.:/usr/share/php') in /var/www/html/wp-content/themes/enfold/functions.php on line 465
[07-Dec-2020 09:49:27 UTC] PHP Warning:  require_once(config-templatebuilder/config.php): failed to open stream: No such file or directory in /var/www/html/wp-content/themes/enfold/functions.php on line 465
[07-Dec-2020 09:49:27 UTC] PHP Fatal error:  require_once(): Failed opening required 'config-templatebuilder/config.php' (include_path='/var/www/html/wp-content/plugins/backwpup/vendor/pear/archive_tar:/var/www/html/wp-content/plugins/backwpup/vendor/pear/console_getopt:/var/www/html/wp-content/plugins/backwpup/vendor/pear/pear-core-minimal/src:/var/www/html/wp-content/plugins/backwpup/vendor/pear/pear_exception:.:/usr/share/php') in /var/www/html/wp-content/themes/enfold/functions.php on line 465
[07-Dec-2020 09:49:33 UTC] PHP Warning:  require_once(/var/www/html/wp-content/themes/enfold/config-templatebuilder/avia-template-builder/php/template-builder.class.php): failed to open stream: No such file or directory in /var/www/html/wp-content/themes/enfold/config-templatebuilder/config.php on line 35
[07-Dec-2020 09:49:33 UTC] PHP Fatal error:  require_once(): Failed opening required '/var/www/html/wp-content/themes/enfold/config-templatebuilder/avia-template-builder/php/template-builder.class.php' (include_path='/var/www/html/wp-content/plugins/backwpup/vendor/pear/archive_tar:/var/www/html/wp-content/plugins/backwpup/vendor/pear/console_getopt:/var/www/html/wp-content/plugins/backwpup/vendor/pear/pear-core-minimal/src:/var/www/html/wp-content/plugins/backwpup/vendor/pear/pear_exception:.:/usr/share/php') in /var/www/html/wp-content/themes/enfold/config-templatebuilder/config.php on line 35
[07-Dec-2020 09:51:22 UTC] PHP Deprecated:  Function create_function() is deprecated in /var/www/html/wp-content/themes/enfold/config-layerslider/LayerSlider/wp/widgets.php on line 4
[07-Dec-2020 09:52:48 UTC] PHP Deprecated:  Function create_function() is deprecated in /var/www/html/wp-content/themes/enfold/config-layerslider/LayerSlider/wp/widgets.php on line 4
[07-Dec-2020 09:52:48 UTC] PHP Deprecated:  Function create_function() is deprecated in /var/www/html/wp-content/themes/enfold/config-layerslider/LayerSlider/wp/widgets.php on line 4
[07-Dec-2020 09:52:48 UTC] PHP Deprecated:  contextual_help est <strong>obsolète</strong> depuis la version 3.3.0 ! Utilisez get_current_screen()->add_help_tab(), get_current_screen()->remove_help_tab() à la place. in /var/www/html/wp-includes/functions.php on line 5152
[07-Dec-2020 09:52:54 UTC] PHP Deprecated:  Function create_function() is deprecated in /var/www/html/wp-content/themes/enfold/config-layerslider/LayerSlider/wp/widgets.php on line 4
[07-Dec-2020 09:52:54 UTC] PHP Deprecated:  contextual_help est <strong>obsolète</strong> depuis la version 3.3.0 ! Utilisez get_current_screen()->add_help_tab(), get_current_screen()->remove_help_tab() à la place. in /var/www/html/wp-includes/functions.php on line 5152
[07-Dec-2020 09:53:01 UTC] PHP Deprecated:  Function create_function() is deprecated in /var/www/html/wp-content/themes/enfold/config-layerslider/LayerSlider/wp/widgets.php on line 4
[07-Dec-2020 09:53:02 UTC] PHP Deprecated:  contextual_help est <strong>obsolète</strong> depuis la version 3.3.0 ! Utilisez get_current_screen()->add_help_tab(), get_current_screen()->remove_help_tab() à la place. in /var/www/html/wp-includes/functions.php on line 5152
[07-Dec-2020 09:57:54 UTC] PHP Deprecated:  contextual_help est <strong>obsolète</strong> depuis la version 3.3.0 ! Utilisez get_current_screen()->add_help_tab(), get_current_screen()->remove_help_tab() à la place. in /var/www/html/wp-includes/functions.php on line 5152
[07-Dec-2020 09:58:00 UTC] PHP Deprecated:  contextual_help est <strong>obsolète</strong> depuis la version 3.3.0 ! Utilisez get_current_screen()->add_help_tab(), get_current_screen()->remove_help_tab() à la place. in /var/www/html/wp-includes/functions.php on line 5152
[07-Dec-2020 10:00:04 UTC] PHP Deprecated:  contextual_help est <strong>obsolète</strong> depuis la version 3.3.0 ! Utilisez get_current_screen()->add_help_tab(), get_current_screen()->remove_help_tab() à la place. in /var/www/html/wp-includes/functions.php on line 5152
[07-Dec-2020 10:00:06 UTC] PHP Deprecated:  contextual_help est <strong>obsolète</strong> depuis la version 3.3.0 ! Utilisez get_current_screen()->add_help_tab(), get_current_screen()->remove_help_tab() à la place. in /var/www/html/wp-includes/functions.php on line 5152
[07-Dec-2020 10:00:11 UTC] PHP Deprecated:  contextual_help est <strong>obsolète</strong> depuis la version 3.3.0 ! Utilisez get_current_screen()->add_help_tab(), get_current_screen()->remove_help_tab() à la place. in /var/www/html/wp-includes/functions.php on line 5152
[07-Dec-2020 10:00:14 UTC] PHP Deprecated:  contextual_help est <strong>obsolète</strong> depuis la version 3.3.0 ! Utilisez get_current_screen()->add_help_tab(), get_current_screen()->remove_help_tab() à la place. in /var/www/html/wp-includes/functions.php on line 5152
[07-Dec-2020 10:03:07 UTC] PHP Fatal error:  Uncaught Error: Call to undefined function AviaCustomPages() in /var/www/html/wp-content/themes/enfold/config-layerslider/config.php:643
Stack trace:
#0 /var/www/html/wp-content/themes/enfold/config-layerslider/config.php(345): Avia_Config_LayerSlider->current_post_needs_layerslider()
#1 /var/www/html/wp-includes/class-wp-hook.php(287): Avia_Config_LayerSlider->handler_include_layerslider(Object(WP))
#2 /var/www/html/wp-includes/class-wp-hook.php(311): WP_Hook->apply_filters(NULL, Array)
#3 /var/www/html/wp-includes/plugin.php(544): WP_Hook->do_action(Array)
#4 /var/www/html/wp-includes/class-wp.php(758): do_action_ref_array('wp', Array)
#5 /var/www/html/wp-includes/functions.php(1285): WP->main('')
#6 /var/www/html/wp-blog-header.php(16): wp()
#7 /var/www/html/index.php(17): require('/var/www/html/w...')
#8 {main}
  thrown in /var/www/html/wp-content/themes/enfold/config-layerslider/config.php on line 643
[07-Dec-2020 10:03:12 UTC] PHP Fatal error:  Uncaught Error: Call to undefined function AviaCustomPages() in /var/www/html/wp-content/themes/enfold/config-layerslider/config.php:643
Stack trace:
#0 /var/www/html/wp-content/themes/enfold/config-layerslider/config.php(345): Avia_Config_LayerSlider->current_post_needs_layerslider()
#1 /var/www/html/wp-includes/class-wp-hook.php(287): Avia_Config_LayerSlider->handler_include_layerslider(Object(WP))
#2 /var/www/html/wp-includes/class-wp-hook.php(311): WP_Hook->apply_filters(NULL, Array)
#3 /var/www/html/wp-includes/plugin.php(544): WP_Hook->do_action(Array)
#4 /var/www/html/wp-includes/class-wp.php(758): do_action_ref_array('wp', Array)
#5 /var/www/html/wp-includes/functions.php(1285): WP->main('')
#6 /var/www/html/wp-blog-header.php(16): wp()
#7 /var/www/html/index.php(17): require('/var/www/html/w...')
#8 {main}
  thrown in /var/www/html/wp-content/themes/enfold/config-layerslider/config.php on line 643
[07-Dec-2020 10:03:16 UTC] PHP Fatal error:  Uncaught Error: Call to undefined function AviaCustomPages() in /var/www/html/wp-content/themes/enfold/config-layerslider/config.php:643
Stack trace:
#0 /var/www/html/wp-content/themes/enfold/config-layerslider/config.php(345): Avia_Config_LayerSlider->current_post_needs_layerslider()
#1 /var/www/html/wp-includes/class-wp-hook.php(287): Avia_Config_LayerSlider->handler_include_layerslider(Object(WP))
#2 /var/www/html/wp-includes/class-wp-hook.php(311): WP_Hook->apply_filters(NULL, Array)
#3 /var/www/html/wp-includes/plugin.php(544): WP_Hook->do_action(Array)
#4 /var/www/html/wp-includes/class-wp.php(758): do_action_ref_array('wp', Array)
#5 /var/www/html/wp-includes/functions.php(1285): WP->main('')
#6 /var/www/html/wp-blog-header.php(16): wp()
#7 /var/www/html/index.php(17): require('/var/www/html/w...')
#8 {main}
  thrown in /var/www/html/wp-content/themes/enfold/config-layerslider/config.php on line 643
[07-Dec-2020 10:03:21 UTC] PHP Fatal error:  Uncaught Error: Call to undefined function AviaCustomPages() in /var/www/html/wp-content/themes/enfold/config-layerslider/config.php:643
Stack trace:
#0 /var/www/html/wp-content/themes/enfold/config-layerslider/config.php(345): Avia_Config_LayerSlider->current_post_needs_layerslider()
#1 /var/www/html/wp-includes/class-wp-hook.php(287): Avia_Config_LayerSlider->handler_include_layerslider(Object(WP))
#2 /var/www/html/wp-includes/class-wp-hook.php(311): WP_Hook->apply_filters(NULL, Array)
#3 /var/www/html/wp-includes/plugin.php(544): WP_Hook->do_action(Array)
#4 /var/www/html/wp-includes/class-wp.php(758): do_action_ref_array('wp', Array)
#5 /var/www/html/wp-includes/functions.php(1285): WP->main('')
#6 /var/www/html/wp-blog-header.php(16): wp()
#7 /var/www/html/index.php(17): require('/var/www/html/w...')
#8 {main}
  thrown in /var/www/html/wp-content/themes/enfold/config-layerslider/config.php on line 643
[07-Dec-2020 10:03:24 UTC] PHP Fatal error:  Uncaught Error: Call to undefined function AviaCustomPages() in /var/www/html/wp-content/themes/enfold/config-layerslider/config.php:643
Stack trace:
#0 /var/www/html/wp-content/themes/enfold/config-layerslider/config.php(345): Avia_Config_LayerSlider->current_post_needs_layerslider()
#1 /var/www/html/wp-includes/class-wp-hook.php(287): Avia_Config_LayerSlider->handler_include_layerslider(Object(WP))
#2 /var/www/html/wp-includes/class-wp-hook.php(311): WP_Hook->apply_filters(NULL, Array)
#3 /var/www/html/wp-includes/plugin.php(544): WP_Hook->do_action(Array)
#4 /var/www/html/wp-includes/class-wp.php(758): do_action_ref_array('wp', Array)
#5 /var/www/html/wp-includes/functions.php(1285): WP->main('')
#6 /var/www/html/wp-blog-header.php(16): wp()
#7 /var/www/html/index.php(17): require('/var/www/html/w...')
#8 {main}
  thrown in /var/www/html/wp-content/themes/enfold/config-layerslider/config.php on line 643
[07-Dec-2020 10:03:37 UTC] PHP Fatal error:  Uncaught Error: Call to undefined function AviaCustomPages() in /var/www/html/wp-content/themes/enfold/config-layerslider/config.php:643
Stack trace:
#0 /var/www/html/wp-content/themes/enfold/config-layerslider/config.php(345): Avia_Config_LayerSlider->current_post_needs_layerslider()
#1 /var/www/html/wp-includes/class-wp-hook.php(287): Avia_Config_LayerSlider->handler_include_layerslider(Object(WP))
#2 /var/www/html/wp-includes/class-wp-hook.php(311): WP_Hook->apply_filters(NULL, Array)
#3 /var/www/html/wp-includes/plugin.php(544): WP_Hook->do_action(Array)
#4 /var/www/html/wp-includes/class-wp.php(758): do_action_ref_array('wp', Array)
#5 /var/www/html/wp-includes/functions.php(1285): WP->main('')
#6 /var/www/html/wp-blog-header.php(16): wp()
#7 /var/www/html/index.php(17): require('/var/www/html/w...')
#8 {main}
  thrown in /var/www/html/wp-content/themes/enfold/config-layerslider/config.php on line 643
[07-Dec-2020 10:06:40 UTC] PHP Deprecated:  Methods with the same name as their class will not be constructors in a future version of PHP; ts_advanced_text has a deprecated constructor in /var/www/html/wp-content/themes/rubis/core/widgets/advanced_text.php on line 3
[07-Dec-2020 10:06:40 UTC] PHP Deprecated:  La méthode du constructeur appelée pour WP_Widget dans ts_advanced_text est <strong>obsolète</strong> depuis la version 4.3.0 ! Utilisez <code>__construct()</code> à la place. in /var/www/html/wp-includes/functions.php on line 4870
[07-Dec-2020 10:06:40 UTC] PHP Deprecated:  Methods with the same name as their class will not be constructors in a future version of PHP; ts_contact has a deprecated constructor in /var/www/html/wp-content/themes/rubis/core/widgets/contact_form.php on line 3
[07-Dec-2020 10:06:40 UTC] PHP Deprecated:  La méthode du constructeur appelée pour WP_Widget dans ts_contact est <strong>obsolète</strong> depuis la version 4.3.0 ! Utilisez <code>__construct()</code> à la place. in /var/www/html/wp-includes/functions.php on line 4870
[07-Dec-2020 10:06:40 UTC] PHP Deprecated:  Methods with the same name as their class will not be constructors in a future version of PHP; ts_dailymotion_video has a deprecated constructor in /var/www/html/wp-content/themes/rubis/core/widgets/dailymotion_video.php on line 3
[07-Dec-2020 10:06:40 UTC] PHP Deprecated:  La méthode du constructeur appelée pour WP_Widget dans ts_dailymotion_video est <strong>obsolète</strong> depuis la version 4.3.0 ! Utilisez <code>__construct()</code> à la place. in /var/www/html/wp-includes/functions.php on line 4870
[07-Dec-2020 10:06:40 UTC] PHP Deprecated:  Methods with the same name as their class will not be constructors in a future version of PHP; ts_youtube_video has a deprecated constructor in /var/www/html/wp-content/themes/rubis/core/widgets/youtube_video.php on line 3
[07-Dec-2020 10:06:40 UTC] PHP Deprecated:  La méthode du constructeur appelée pour WP_Widget dans ts_youtube_video est <strong>obsolète</strong> depuis la version 4.3.0 ! Utilisez <code>__construct()</code> à la place. in /var/www/html/wp-includes/functions.php on line 4870
[07-Dec-2020 10:06:40 UTC] PHP Deprecated:  Methods with the same name as their class will not be constructors in a future version of PHP; ts_vimeo_video has a deprecated constructor in /var/www/html/wp-content/themes/rubis/core/widgets/vimeo_video.php on line 3
[07-Dec-2020 10:06:40 UTC] PHP Deprecated:  La méthode du constructeur appelée pour WP_Widget dans ts_vimeo_video est <strong>obsolète</strong> depuis la version 4.3.0 ! Utilisez <code>__construct()</code> à la place. in /var/www/html/wp-includes/functions.php on line 4870
[07-Dec-2020 10:06:40 UTC] PHP Deprecated:  Methods with the same name as their class will not be constructors in a future version of PHP; ts_twitter has a deprecated constructor in /var/www/html/wp-content/themes/rubis/core/widgets/twitter.php on line 3
[07-Dec-2020 10:06:40 UTC] PHP Deprecated:  La méthode du constructeur appelée pour WP_Widget dans ts_twitter est <strong>obsolète</strong> depuis la version 4.3.0 ! Utilisez <code>__construct()</code> à la place. in /var/www/html/wp-includes/functions.php on line 4870
[07-Dec-2020 10:06:40 UTC] PHP Deprecated:  Methods with the same name as their class will not be constructors in a future version of PHP; ts_search has a deprecated constructor in /var/www/html/wp-content/themes/rubis/core/widgets/search.php on line 3
[07-Dec-2020 10:06:40 UTC] PHP Deprecated:  La méthode du constructeur appelée pour WP_Widget dans ts_search est <strong>obsolète</strong> depuis la version 4.3.0 ! Utilisez <code>__construct()</code> à la place. in /var/www/html/wp-includes/functions.php on line 4870
[07-Dec-2020 10:06:40 UTC] PHP Deprecated:  Methods with the same name as their class will not be constructors in a future version of PHP; ts_flickr has a deprecated constructor in /var/www/html/wp-content/themes/rubis/core/widgets/flickr.php on line 3
[07-Dec-2020 10:06:40 UTC] PHP Deprecated:  La méthode du constructeur appelée pour WP_Widget dans ts_flickr est <strong>obsolète</strong> depuis la version 4.3.0 ! Utilisez <code>__construct()</code> à la place. in /var/www/html/wp-includes/functions.php on line 4870
[07-Dec-2020 10:06:40 UTC] PHP Deprecated:  Methods with the same name as their class will not be constructors in a future version of PHP; ts_popular_posts has a deprecated constructor in /var/www/html/wp-content/themes/rubis/core/widgets/popular_posts.php on line 3
[07-Dec-2020 10:06:40 UTC] PHP Deprecated:  La méthode du constructeur appelée pour WP_Widget dans ts_popular_posts est <strong>obsolète</strong> depuis la version 4.3.0 ! Utilisez <code>__construct()</code> à la place. in /var/www/html/wp-includes/functions.php on line 4870
[07-Dec-2020 10:06:40 UTC] PHP Deprecated:  Methods with the same name as their class will not be constructors in a future version of PHP; ts_recent_posts has a deprecated constructor in /var/www/html/wp-content/themes/rubis/core/widgets/recent_posts.php on line 3
[07-Dec-2020 10:06:40 UTC] PHP Deprecated:  La méthode du constructeur appelée pour WP_Widget dans ts_recent_posts est <strong>obsolète</strong> depuis la version 4.3.0 ! Utilisez <code>__construct()</code> à la place. in /var/www/html/wp-includes/functions.php on line 4870
[07-Dec-2020 10:06:40 UTC] PHP Deprecated:  Methods with the same name as their class will not be constructors in a future version of PHP; ts_random_posts has a deprecated constructor in /var/www/html/wp-content/themes/rubis/core/widgets/random_posts.php on line 3
[07-Dec-2020 10:06:40 UTC] PHP Deprecated:  La méthode du constructeur appelée pour WP_Widget dans ts_random_posts est <strong>obsolète</strong> depuis la version 4.3.0 ! Utilisez <code>__construct()</code> à la place. in /var/www/html/wp-includes/functions.php on line 4870
[07-Dec-2020 10:06:41 UTC] PHP Notice:  Undefined index: page in /var/www/html/wp-content/themes/rubis/core/init.php on line 126
[07-Dec-2020 10:06:41 UTC] PHP Deprecated:  La méthode du constructeur appelée pour WP_Widget dans ts_advanced_text est <strong>obsolète</strong> depuis la version 4.3.0 ! Utilisez <code>__construct()</code> à la place. in /var/www/html/wp-includes/functions.php on line 4870
[07-Dec-2020 10:06:41 UTC] PHP Deprecated:  La méthode du constructeur appelée pour WP_Widget dans ts_contact est <strong>obsolète</strong> depuis la version 4.3.0 ! Utilisez <code>__construct()</code> à la place. in /var/www/html/wp-includes/functions.php on line 4870
[07-Dec-2020 10:06:41 UTC] PHP Deprecated:  La méthode du constructeur appelée pour WP_Widget dans ts_dailymotion_video est <strong>obsolète</strong> depuis la version 4.3.0 ! Utilisez <code>__construct()</code> à la place. in /var/www/html/wp-includes/functions.php on line 4870
[07-Dec-2020 10:06:41 UTC] PHP Deprecated:  La méthode du constructeur appelée pour WP_Widget dans ts_youtube_video est <strong>obsolète</strong> depuis la version 4.3.0 ! Utilisez <code>__construct()</code> à la place. in /var/www/html/wp-includes/functions.php on line 4870
[07-Dec-2020 10:06:41 UTC] PHP Deprecated:  La méthode du constructeur appelée pour WP_Widget dans ts_vimeo_video est <strong>obsolète</strong> depuis la version 4.3.0 ! Utilisez <code>__construct()</code> à la place. in /var/www/html/wp-includes/functions.php on line 4870
[07-Dec-2020 10:06:41 UTC] PHP Deprecated:  La méthode du constructeur appelée pour WP_Widget dans ts_twitter est <strong>obsolète</strong> depuis la version 4.3.0 ! Utilisez <code>__construct()</code> à la place. in /var/www/html/wp-includes/functions.php on line 4870
[07-Dec-2020 10:06:41 UTC] PHP Deprecated:  La méthode du constructeur appelée pour WP_Widget dans ts_search est <strong>obsolète</strong> depuis la version 4.3.0 ! Utilisez <code>__construct()</code> à la place. in /var/www/html/wp-includes/functions.php on line 4870
[07-Dec-2020 10:06:41 UTC] PHP Deprecated:  La méthode du constructeur appelée pour WP_Widget dans ts_flickr est <strong>obsolète</strong> depuis la version 4.3.0 ! Utilisez <code>__construct()</code> à la place. in /var/www/html/wp-includes/functions.php on line 4870
[07-Dec-2020 10:06:41 UTC] PHP Deprecated:  La méthode du constructeur appelée pour WP_Widget dans ts_popular_posts est <strong>obsolète</strong> depuis la version 4.3.0 ! Utilisez <code>__construct()</code> à la place. in /var/www/html/wp-includes/functions.php on line 4870
[07-Dec-2020 10:06:41 UTC] PHP Deprecated:  La méthode du constructeur appelée pour WP_Widget dans ts_recent_posts est <strong>obsolète</strong> depuis la version 4.3.0 ! Utilisez <code>__construct()</code> à la place. in /var/www/html/wp-includes/functions.php on line 4870
[07-Dec-2020 10:06:41 UTC] PHP Deprecated:  La méthode du constructeur appelée pour WP_Widget dans ts_random_posts est <strong>obsolète</strong> depuis la version 4.3.0 ! Utilisez <code>__construct()</code> à la place. in /var/www/html/wp-includes/functions.php on line 4870
[07-Dec-2020 10:06:41 UTC] PHP Warning:  Cannot modify header information - headers already sent by (output started at /var/www/html/wp-includes/functions.php:4870) in /var/www/html/wp-includes/functions.php on line 6274
[07-Dec-2020 10:06:41 UTC] PHP Warning:  Cannot modify header information - headers already sent by (output started at /var/www/html/wp-includes/functions.php:4870) in /var/www/html/wp-admin/includes/misc.php on line 1310
[07-Dec-2020 10:06:41 UTC] PHP Warning:  Cannot modify header information - headers already sent by (output started at /var/www/html/wp-includes/functions.php:4870) in /var/www/html/wp-admin/admin-header.php on line 9
[07-Dec-2020 10:06:46 UTC] PHP Deprecated:  La méthode du constructeur appelée pour WP_Widget dans ts_advanced_text est <strong>obsolète</strong> depuis la version 4.3.0 ! Utilisez <code>__construct()</code> à la place. in /var/www/html/wp-includes/functions.php on line 4870
[07-Dec-2020 10:06:46 UTC] PHP Deprecated:  La méthode du constructeur appelée pour WP_Widget dans ts_contact est <strong>obsolète</strong> depuis la version 4.3.0 ! Utilisez <code>__construct()</code> à la place. in /var/www/html/wp-includes/functions.php on line 4870
[07-Dec-2020 10:06:46 UTC] PHP Deprecated:  La méthode du constructeur appelée pour WP_Widget dans ts_dailymotion_video est <strong>obsolète</strong> depuis la version 4.3.0 ! Utilisez <code>__construct()</code> à la place. in /var/www/html/wp-includes/functions.php on line 4870
[07-Dec-2020 10:06:46 UTC] PHP Deprecated:  La méthode du constructeur appelée pour WP_Widget dans ts_youtube_video est <strong>obsolète</strong> depuis la version 4.3.0 ! Utilisez <code>__construct()</code> à la place. in /var/www/html/wp-includes/functions.php on line 4870
[07-Dec-2020 10:06:46 UTC] PHP Deprecated:  La méthode du constructeur appelée pour WP_Widget dans ts_vimeo_video est <strong>obsolète</strong> depuis la version 4.3.0 ! Utilisez <code>__construct()</code> à la place. in /var/www/html/wp-includes/functions.php on line 4870
[07-Dec-2020 10:06:46 UTC] PHP Deprecated:  La méthode du constructeur appelée pour WP_Widget dans ts_twitter est <strong>obsolète</strong> depuis la version 4.3.0 ! Utilisez <code>__construct()</code> à la place. in /var/www/html/wp-includes/functions.php on line 4870
[07-Dec-2020 10:06:46 UTC] PHP Deprecated:  La méthode du constructeur appelée pour WP_Widget dans ts_search est <strong>obsolète</strong> depuis la version 4.3.0 ! Utilisez <code>__construct()</code> à la place. in /var/www/html/wp-includes/functions.php on line 4870
[07-Dec-2020 10:06:46 UTC] PHP Deprecated:  La méthode du constructeur appelée pour WP_Widget dans ts_flickr est <strong>obsolète</strong> depuis la version 4.3.0 ! Utilisez <code>__construct()</code> à la place. in /var/www/html/wp-includes/functions.php on line 4870
[07-Dec-2020 10:06:46 UTC] PHP Deprecated:  La méthode du constructeur appelée pour WP_Widget dans ts_popular_posts est <strong>obsolète</strong> depuis la version 4.3.0 ! Utilisez <code>__construct()</code> à la place. in /var/www/html/wp-includes/functions.php on line 4870
[07-Dec-2020 10:06:46 UTC] PHP Deprecated:  La méthode du constructeur appelée pour WP_Widget dans ts_recent_posts est <strong>obsolète</strong> depuis la version 4.3.0 ! Utilisez <code>__construct()</code> à la place. in /var/www/html/wp-includes/functions.php on line 4870
[07-Dec-2020 10:06:46 UTC] PHP Deprecated:  La méthode du constructeur appelée pour WP_Widget dans ts_random_posts est <strong>obsolète</strong> depuis la version 4.3.0 ! Utilisez <code>__construct()</code> à la place. in /var/www/html/wp-includes/functions.php on line 4870
[07-Dec-2020 10:06:46 UTC] PHP Notice:  Undefined index: page in /var/www/html/wp-content/themes/rubis/core/init.php on line 126
[07-Dec-2020 10:06:46 UTC] PHP Deprecated:  La méthode du constructeur appelée pour WP_Widget dans ts_advanced_text est <strong>obsolète</strong> depuis la version 4.3.0 ! Utilisez <code>__construct()</code> à la place. in /var/www/html/wp-includes/functions.php on line 4870
[07-Dec-2020 10:06:46 UTC] PHP Deprecated:  La méthode du constructeur appelée pour WP_Widget dans ts_contact est <strong>obsolète</strong> depuis la version 4.3.0 ! Utilisez <code>__construct()</code> à la place. in /var/www/html/wp-includes/functions.php on line 4870
[07-Dec-2020 10:06:46 UTC] PHP Deprecated:  La méthode du constructeur appelée pour WP_Widget dans ts_dailymotion_video est <strong>obsolète</strong> depuis la version 4.3.0 ! Utilisez <code>__construct()</code> à la place. in /var/www/html/wp-includes/functions.php on line 4870
[07-Dec-2020 10:06:46 UTC] PHP Deprecated:  La méthode du constructeur appelée pour WP_Widget dans ts_youtube_video est <strong>obsolète</strong> depuis la version 4.3.0 ! Utilisez <code>__construct()</code> à la place. in /var/www/html/wp-includes/functions.php on line 4870
[07-Dec-2020 10:06:46 UTC] PHP Deprecated:  La méthode du constructeur appelée pour WP_Widget dans ts_vimeo_video est <strong>obsolète</strong> depuis la version 4.3.0 ! Utilisez <code>__construct()</code> à la place. in /var/www/html/wp-includes/functions.php on line 4870
[07-Dec-2020 10:06:46 UTC] PHP Deprecated:  La méthode du constructeur appelée pour WP_Widget dans ts_twitter est <strong>obsolète</strong> depuis la version 4.3.0 ! Utilisez <code>__construct()</code> à la place. in /var/www/html/wp-includes/functions.php on line 4870
[07-Dec-2020 10:06:46 UTC] PHP Deprecated:  La méthode du constructeur appelée pour WP_Widget dans ts_search est <strong>obsolète</strong> depuis la version 4.3.0 ! Utilisez <code>__construct()</code> à la place. in /var/www/html/wp-includes/functions.php on line 4870
[07-Dec-2020 10:06:46 UTC] PHP Deprecated:  La méthode du constructeur appelée pour WP_Widget dans ts_flickr est <strong>obsolète</strong> depuis la version 4.3.0 ! Utilisez <code>__construct()</code> à la place. in /var/www/html/wp-includes/functions.php on line 4870
[07-Dec-2020 10:06:46 UTC] PHP Deprecated:  La méthode du constructeur appelée pour WP_Widget dans ts_popular_posts est <strong>obsolète</strong> depuis la version 4.3.0 ! Utilisez <code>__construct()</code> à la place. in /var/www/html/wp-includes/functions.php on line 4870
[07-Dec-2020 10:06:46 UTC] PHP Deprecated:  La méthode du constructeur appelée pour WP_Widget dans ts_recent_posts est <strong>obsolète</strong> depuis la version 4.3.0 ! Utilisez <code>__construct()</code> à la place. in /var/www/html/wp-includes/functions.php on line 4870
[07-Dec-2020 10:06:46 UTC] PHP Deprecated:  La méthode du constructeur appelée pour WP_Widget dans ts_random_posts est <strong>obsolète</strong> depuis la version 4.3.0 ! Utilisez <code>__construct()</code> à la place. in /var/www/html/wp-includes/functions.php on line 4870
[07-Dec-2020 10:06:56 UTC] PHP Fatal error:  Uncaught Error: Call to undefined function AviaCustomPages() in /var/www/html/wp-content/themes/enfold/config-layerslider/config.php:643
Stack trace:
#0 /var/www/html/wp-content/themes/enfold/config-layerslider/config.php(345): Avia_Config_LayerSlider->current_post_needs_layerslider()
#1 /var/www/html/wp-includes/class-wp-hook.php(287): Avia_Config_LayerSlider->handler_include_layerslider(Object(WP))
#2 /var/www/html/wp-includes/class-wp-hook.php(311): WP_Hook->apply_filters(NULL, Array)
#3 /var/www/html/wp-includes/plugin.php(544): WP_Hook->do_action(Array)
#4 /var/www/html/wp-includes/class-wp.php(758): do_action_ref_array('wp', Array)
#5 /var/www/html/wp-includes/functions.php(1285): WP->main('')
#6 /var/www/html/wp-blog-header.php(16): wp()
#7 /var/www/html/index.php(17): require('/var/www/html/w...')
#8 {main}
  thrown in /var/www/html/wp-content/themes/enfold/config-layerslider/config.php on line 643
[07-Dec-2020 10:07:10 UTC] PHP Fatal error:  Uncaught Error: Call to undefined function AviaCustomPages() in /var/www/html/wp-content/themes/enfold/config-layerslider/config.php:643
Stack trace:
#0 /var/www/html/wp-content/themes/enfold/config-layerslider/config.php(345): Avia_Config_LayerSlider->current_post_needs_layerslider()
#1 /var/www/html/wp-includes/class-wp-hook.php(287): Avia_Config_LayerSlider->handler_include_layerslider(Object(WP))
#2 /var/www/html/wp-includes/class-wp-hook.php(311): WP_Hook->apply_filters(NULL, Array)
#3 /var/www/html/wp-includes/plugin.php(544): WP_Hook->do_action(Array)
#4 /var/www/html/wp-includes/class-wp.php(758): do_action_ref_array('wp', Array)
#5 /var/www/html/wp-includes/functions.php(1285): WP->main('')
#6 /var/www/html/wp-blog-header.php(16): wp()
#7 /var/www/html/index.php(17): require('/var/www/html/w...')
#8 {main}
  thrown in /var/www/html/wp-content/themes/enfold/config-layerslider/config.php on line 643
[07-Dec-2020 10:07:45 UTC] PHP Fatal error:  Uncaught Error: Call to undefined function AviaCustomPages() in /var/www/html/wp-content/themes/enfold/config-layerslider/config.php:643
Stack trace:
#0 /var/www/html/wp-content/themes/enfold/config-layerslider/config.php(345): Avia_Config_LayerSlider->current_post_needs_layerslider()
#1 /var/www/html/wp-includes/class-wp-hook.php(287): Avia_Config_LayerSlider->handler_include_layerslider(Object(WP))
#2 /var/www/html/wp-includes/class-wp-hook.php(311): WP_Hook->apply_filters(NULL, Array)
#3 /var/www/html/wp-includes/plugin.php(544): WP_Hook->do_action(Array)
#4 /var/www/html/wp-includes/class-wp.php(758): do_action_ref_array('wp', Array)
#5 /var/www/html/wp-includes/functions.php(1285): WP->main('')
#6 /var/www/html/wp-blog-header.php(16): wp()
#7 /var/www/html/index.php(17): require('/var/www/html/w...')
#8 {main}
  thrown in /var/www/html/wp-content/themes/enfold/config-layerslider/config.php on line 643
[07-Dec-2020 10:07:46 UTC] PHP Fatal error:  Uncaught Error: Call to undefined function AviaCustomPages() in /var/www/html/wp-content/themes/enfold/config-layerslider/config.php:643
Stack trace:
#0 /var/www/html/wp-content/themes/enfold/config-layerslider/config.php(345): Avia_Config_LayerSlider->current_post_needs_layerslider()
#1 /var/www/html/wp-includes/class-wp-hook.php(287): Avia_Config_LayerSlider->handler_include_layerslider(Object(WP))
#2 /var/www/html/wp-includes/class-wp-hook.php(311): WP_Hook->apply_filters(NULL, Array)
#3 /var/www/html/wp-includes/plugin.php(544): WP_Hook->do_action(Array)
#4 /var/www/html/wp-includes/class-wp.php(758): do_action_ref_array('wp', Array)
#5 /var/www/html/wp-includes/functions.php(1285): WP->main('')
#6 /var/www/html/wp-blog-header.php(16): wp()
#7 /var/www/html/index.php(17): require('/var/www/html/w...')
#8 {main}
  thrown in /var/www/html/wp-content/themes/enfold/config-layerslider/config.php on line 643
[07-Dec-2020 10:07:50 UTC] PHP Fatal error:  Uncaught Error: Call to undefined function AviaCustomPages() in /var/www/html/wp-content/themes/enfold/config-layerslider/config.php:643
Stack trace:
#0 /var/www/html/wp-content/themes/enfold/config-layerslider/config.php(345): Avia_Config_LayerSlider->current_post_needs_layerslider()
#1 /var/www/html/wp-includes/class-wp-hook.php(287): Avia_Config_LayerSlider->handler_include_layerslider(Object(WP))
#2 /var/www/html/wp-includes/class-wp-hook.php(311): WP_Hook->apply_filters(NULL, Array)
#3 /var/www/html/wp-includes/plugin.php(544): WP_Hook->do_action(Array)
#4 /var/www/html/wp-includes/class-wp.php(758): do_action_ref_array('wp', Array)
#5 /var/www/html/wp-includes/functions.php(1285): WP->main('')
#6 /var/www/html/wp-blog-header.php(16): wp()
#7 /var/www/html/index.php(17): require('/var/www/html/w...')
#8 {main}
  thrown in /var/www/html/wp-content/themes/enfold/config-layerslider/config.php on line 643
[07-Dec-2020 10:08:17 UTC] PHP Deprecated:  Function create_function() is deprecated in /var/www/html/wp-content/themes/enfold/config-layerslider/LayerSlider/wp/widgets.php on line 4
[07-Dec-2020 10:08:17 UTC] PHP Deprecated:  Function create_function() is deprecated in /var/www/html/wp-content/themes/enfold/config-layerslider/LayerSlider/wp/widgets.php on line 4
[07-Dec-2020 10:08:17 UTC] PHP Deprecated:  Function create_function() is deprecated in /var/www/html/wp-content/themes/enfold/config-layerslider/LayerSlider/wp/widgets.php on line 4
[07-Dec-2020 10:08:17 UTC] PHP Deprecated:  contextual_help est <strong>obsolète</strong> depuis la version 3.3.0 ! Utilisez get_current_screen()->add_help_tab(), get_current_screen()->remove_help_tab() à la place. in /var/www/html/wp-includes/functions.php on line 5152
[07-Dec-2020 10:08:20 UTC] PHP Deprecated:  Function create_function() is deprecated in /var/www/html/wp-content/themes/enfold/config-layerslider/LayerSlider/wp/widgets.php on line 4
[07-Dec-2020 10:08:20 UTC] PHP Deprecated:  contextual_help est <strong>obsolète</strong> depuis la version 3.3.0 ! Utilisez get_current_screen()->add_help_tab(), get_current_screen()->remove_help_tab() à la place. in /var/www/html/wp-includes/functions.php on line 5152
[07-Dec-2020 10:08:45 UTC] PHP Warning:  require_once(/var/www/html/wp-content/themes/enfold/config-layerslider/LayerSlider/assets/classes/class.km.autoupdate.plugins.v3.php): failed to open stream: No such file or directory in /var/www/html/wp-content/themes/enfold/config-layerslider/LayerSlider/assets/init.php on line 62
[07-Dec-2020 10:08:45 UTC] PHP Fatal error:  require_once(): Failed opening required '/var/www/html/wp-content/themes/enfold/config-layerslider/LayerSlider/assets/classes/class.km.autoupdate.plugins.v3.php' (include_path='/var/www/html/wp-content/plugins/backwpup/vendor/pear/archive_tar:/var/www/html/wp-content/plugins/backwpup/vendor/pear/console_getopt:/var/www/html/wp-content/plugins/backwpup/vendor/pear/pear-core-minimal/src:/var/www/html/wp-content/plugins/backwpup/vendor/pear/pear_exception:.:/usr/share/php') in /var/www/html/wp-content/themes/enfold/config-layerslider/LayerSlider/assets/init.php on line 62
[07-Dec-2020 10:09:31 UTC] PHP Fatal error:  Uncaught Error: Call to undefined function AviaCustomPages() in /var/www/html/wp-content/themes/enfold/config-layerslider/config.php:671
Stack trace:
#0 /var/www/html/wp-content/themes/enfold/config-layerslider/config.php(356): Avia_Config_LayerSlider->current_post_needs_layerslider()
#1 /var/www/html/wp-includes/class-wp-hook.php(287): Avia_Config_LayerSlider->handler_include_layerslider(Object(WP))
#2 /var/www/html/wp-includes/class-wp-hook.php(311): WP_Hook->apply_filters(NULL, Array)
#3 /var/www/html/wp-includes/plugin.php(544): WP_Hook->do_action(Array)
#4 /var/www/html/wp-includes/class-wp.php(758): do_action_ref_array('wp', Array)
#5 /var/www/html/wp-includes/functions.php(1285): WP->main('')
#6 /var/www/html/wp-blog-header.php(16): wp()
#7 /var/www/html/index.php(17): require('/var/www/html/w...')
#8 {main}
  thrown in /var/www/html/wp-content/themes/enfold/config-layerslider/config.php on line 671
[07-Dec-2020 10:09:33 UTC] PHP Fatal error:  Uncaught Error: Call to undefined function AviaCustomPages() in /var/www/html/wp-content/themes/enfold/config-layerslider/config.php:671
Stack trace:
#0 /var/www/html/wp-content/themes/enfold/config-layerslider/config.php(356): Avia_Config_LayerSlider->current_post_needs_layerslider()
#1 /var/www/html/wp-includes/class-wp-hook.php(287): Avia_Config_LayerSlider->handler_include_layerslider(Object(WP))
#2 /var/www/html/wp-includes/class-wp-hook.php(311): WP_Hook->apply_filters(NULL, Array)
#3 /var/www/html/wp-includes/plugin.php(544): WP_Hook->do_action(Array)
#4 /var/www/html/wp-includes/class-wp.php(758): do_action_ref_array('wp', Array)
#5 /var/www/html/wp-includes/functions.php(1285): WP->main('')
#6 /var/www/html/wp-blog-header.php(16): wp()
#7 /var/www/html/index.php(17): require('/var/www/html/w...')
#8 {main}
  thrown in /var/www/html/wp-content/themes/enfold/config-layerslider/config.php on line 671
[07-Dec-2020 10:09:34 UTC] PHP Fatal error:  Uncaught Error: Call to undefined function AviaCustomPages() in /var/www/html/wp-content/themes/enfold/config-layerslider/config.php:671
Stack trace:
#0 /var/www/html/wp-content/themes/enfold/config-layerslider/config.php(356): Avia_Config_LayerSlider->current_post_needs_layerslider()
#1 /var/www/html/wp-includes/class-wp-hook.php(287): Avia_Config_LayerSlider->handler_include_layerslider(Object(WP))
#2 /var/www/html/wp-includes/class-wp-hook.php(311): WP_Hook->apply_filters(NULL, Array)
#3 /var/www/html/wp-includes/plugin.php(544): WP_Hook->do_action(Array)
#4 /var/www/html/wp-includes/class-wp.php(758): do_action_ref_array('wp', Array)
#5 /var/www/html/wp-includes/functions.php(1285): WP->main('')
#6 /var/www/html/wp-blog-header.php(16): wp()
#7 /var/www/html/index.php(17): require('/var/www/html/w...')
#8 {main}
  thrown in /var/www/html/wp-content/themes/enfold/config-layerslider/config.php on line 671
[07-Dec-2020 10:09:35 UTC] PHP Fatal error:  Uncaught Error: Call to undefined function AviaCustomPages() in /var/www/html/wp-content/themes/enfold/config-layerslider/config.php:671
Stack trace:
#0 /var/www/html/wp-content/themes/enfold/config-layerslider/config.php(356): Avia_Config_LayerSlider->current_post_needs_layerslider()
#1 /var/www/html/wp-includes/class-wp-hook.php(287): Avia_Config_LayerSlider->handler_include_layerslider(Object(WP))
#2 /var/www/html/wp-includes/class-wp-hook.php(311): WP_Hook->apply_filters(NULL, Array)
#3 /var/www/html/wp-includes/plugin.php(544): WP_Hook->do_action(Array)
#4 /var/www/html/wp-includes/class-wp.php(758): do_action_ref_array('wp', Array)
#5 /var/www/html/wp-includes/functions.php(1285): WP->main('')
#6 /var/www/html/wp-blog-header.php(16): wp()
#7 /var/www/html/index.php(17): require('/var/www/html/w...')
#8 {main}
  thrown in /var/www/html/wp-content/themes/enfold/config-layerslider/config.php on line 671
[07-Dec-2020 10:09:45 UTC] PHP Fatal error:  Uncaught Error: Call to undefined function AviaCustomPages() in /var/www/html/wp-content/themes/enfold/config-layerslider/config.php:671
Stack trace:
#0 /var/www/html/wp-content/themes/enfold/config-layerslider/config.php(356): Avia_Config_LayerSlider->current_post_needs_layerslider()
#1 /var/www/html/wp-includes/class-wp-hook.php(287): Avia_Config_LayerSlider->handler_include_layerslider(Object(WP))
#2 /var/www/html/wp-includes/class-wp-hook.php(311): WP_Hook->apply_filters(NULL, Array)
#3 /var/www/html/wp-includes/plugin.php(544): WP_Hook->do_action(Array)
#4 /var/www/html/wp-includes/class-wp.php(758): do_action_ref_array('wp', Array)
#5 /var/www/html/wp-includes/functions.php(1285): WP->main('')
#6 /var/www/html/wp-blog-header.php(16): wp()
#7 /var/www/html/index.php(17): require('/var/www/html/w...')
#8 {main}
  thrown in /var/www/html/wp-content/themes/enfold/config-layerslider/config.php on line 671
[07-Dec-2020 10:10:08 UTC] PHP Fatal error:  Uncaught Error: Call to undefined function AviaCustomPages() in /var/www/html/wp-content/themes/enfold/config-layerslider/config.php:671
Stack trace:
#0 /var/www/html/wp-content/themes/enfold/config-layerslider/config.php(356): Avia_Config_LayerSlider->current_post_needs_layerslider()
#1 /var/www/html/wp-includes/class-wp-hook.php(287): Avia_Config_LayerSlider->handler_include_layerslider(Object(WP))
#2 /var/www/html/wp-includes/class-wp-hook.php(311): WP_Hook->apply_filters(NULL, Array)
#3 /var/www/html/wp-includes/plugin.php(544): WP_Hook->do_action(Array)
#4 /var/www/html/wp-includes/class-wp.php(758): do_action_ref_array('wp', Array)
#5 /var/www/html/wp-includes/functions.php(1285): WP->main('')
#6 /var/www/html/wp-blog-header.php(16): wp()
#7 /var/www/html/index.php(17): require('/var/www/html/w...')
#8 {main}
  thrown in /var/www/html/wp-content/themes/enfold/config-layerslider/config.php on line 671
[07-Dec-2020 10:10:16 UTC] PHP Fatal error:  Uncaught Error: Call to undefined function AviaCustomPages() in /var/www/html/wp-content/themes/enfold/config-layerslider/config.php:671
Stack trace:
#0 /var/www/html/wp-content/themes/enfold/config-layerslider/config.php(356): Avia_Config_LayerSlider->current_post_needs_layerslider()
#1 /var/www/html/wp-includes/class-wp-hook.php(287): Avia_Config_LayerSlider->handler_include_layerslider(Object(WP))
#2 /var/www/html/wp-includes/class-wp-hook.php(311): WP_Hook->apply_filters(NULL, Array)
#3 /var/www/html/wp-includes/plugin.php(544): WP_Hook->do_action(Array)
#4 /var/www/html/wp-includes/class-wp.php(758): do_action_ref_array('wp', Array)
#5 /var/www/html/wp-includes/functions.php(1285): WP->main('')
#6 /var/www/html/wp-blog-header.php(16): wp()
#7 /var/www/html/index.php(17): require('/var/www/html/w...')
#8 {main}
  thrown in /var/www/html/wp-content/themes/enfold/config-layerslider/config.php on line 671
[07-Dec-2020 10:10:20 UTC] PHP Fatal error:  Uncaught Error: Call to undefined function AviaCustomPages() in /var/www/html/wp-content/themes/enfold/config-layerslider/config.php:671
Stack trace:
#0 /var/www/html/wp-content/themes/enfold/config-layerslider/config.php(356): Avia_Config_LayerSlider->current_post_needs_layerslider()
#1 /var/www/html/wp-includes/class-wp-hook.php(287): Avia_Config_LayerSlider->handler_include_layerslider(Object(WP))
#2 /var/www/html/wp-includes/class-wp-hook.php(311): WP_Hook->apply_filters(NULL, Array)
#3 /var/www/html/wp-includes/plugin.php(544): WP_Hook->do_action(Array)
#4 /var/www/html/wp-includes/class-wp.php(758): do_action_ref_array('wp', Array)
#5 /var/www/html/wp-includes/functions.php(1285): WP->main('')
#6 /var/www/html/wp-blog-header.php(16): wp()
#7 /var/www/html/index.php(17): require('/var/www/html/w...')
#8 {main}
  thrown in /var/www/html/wp-content/themes/enfold/config-layerslider/config.php on line 671
[07-Dec-2020 10:10:40 UTC] PHP Deprecated:  Function create_function() is deprecated in /var/www/html/wp-content/themes/enfold/config-layerslider/LayerSlider/wp/widgets.php on line 4
[07-Dec-2020 10:11:06 UTC] PHP Deprecated:  Function create_function() is deprecated in /var/www/html/wp-content/themes/enfold/config-layerslider/LayerSlider/wp/widgets.php on line 4
[07-Dec-2020 10:11:07 UTC] PHP Deprecated:  contextual_help est <strong>obsolète</strong> depuis la version 3.3.0 ! Utilisez get_current_screen()->add_help_tab(), get_current_screen()->remove_help_tab() à la place. in /var/www/html/wp-includes/functions.php on line 5152
[07-Dec-2020 10:11:17 UTC] PHP Deprecated:  Function create_function() is deprecated in /var/www/html/wp-content/themes/enfold/config-layerslider/LayerSlider/wp/widgets.php on line 4
[07-Dec-2020 10:13:18 UTC] PHP Deprecated:  Function create_function() is deprecated in /var/www/html/wp-content/themes/enfold/config-layerslider/LayerSlider/wp/widgets.php on line 4
[07-Dec-2020 10:13:26 UTC] PHP Deprecated:  Function create_function() is deprecated in /var/www/html/wp-content/themes/enfold/config-layerslider/LayerSlider/wp/widgets.php on line 4
[07-Dec-2020 10:13:26 UTC] PHP Deprecated:  Function create_function() is deprecated in /var/www/html/wp-content/themes/enfold/config-layerslider/LayerSlider/wp/widgets.php on line 4
[07-Dec-2020 10:13:26 UTC] PHP Deprecated:  contextual_help est <strong>obsolète</strong> depuis la version 3.3.0 ! Utilisez get_current_screen()->add_help_tab(), get_current_screen()->remove_help_tab() à la place. in /var/www/html/wp-includes/functions.php on line 5152
[07-Dec-2020 10:13:29 UTC] PHP Deprecated:  Function create_function() is deprecated in /var/www/html/wp-content/themes/enfold/config-layerslider/LayerSlider/wp/widgets.php on line 4
[07-Dec-2020 10:13:29 UTC] PHP Deprecated:  contextual_help est <strong>obsolète</strong> depuis la version 3.3.0 ! Utilisez get_current_screen()->add_help_tab(), get_current_screen()->remove_help_tab() à la place. in /var/www/html/wp-includes/functions.php on line 5152
[07-Dec-2020 10:14:19 UTC] PHP Deprecated:  Function create_function() is deprecated in /var/www/html/wp-content/themes/enfold/config-layerslider/LayerSlider/wp/widgets.php on line 4
[07-Dec-2020 10:14:55 UTC] PHP Deprecated:  Function create_function() is deprecated in /var/www/html/wp-content/themes/enfold/config-layerslider/LayerSlider/wp/widgets.php on line 4
[07-Dec-2020 10:14:58 UTC] PHP Deprecated:  Function create_function() is deprecated in /var/www/html/wp-content/themes/enfold/config-layerslider/LayerSlider/wp/widgets.php on line 4
[07-Dec-2020 10:14:58 UTC] PHP Deprecated:  contextual_help est <strong>obsolète</strong> depuis la version 3.3.0 ! Utilisez get_current_screen()->add_help_tab(), get_current_screen()->remove_help_tab() à la place. in /var/www/html/wp-includes/functions.php on line 5152
[07-Dec-2020 10:15:03 UTC] PHP Deprecated:  Function create_function() is deprecated in /var/www/html/wp-content/themes/enfold/config-layerslider/LayerSlider/wp/widgets.php on line 4
[07-Dec-2020 10:15:03 UTC] PHP Deprecated:  contextual_help est <strong>obsolète</strong> depuis la version 3.3.0 ! Utilisez get_current_screen()->add_help_tab(), get_current_screen()->remove_help_tab() à la place. in /var/www/html/wp-includes/functions.php on line 5152
[07-Dec-2020 10:15:04 UTC] PHP Deprecated:  Function create_function() is deprecated in /var/www/html/wp-content/themes/enfold/config-layerslider/LayerSlider/wp/widgets.php on line 4
[07-Dec-2020 10:15:25 UTC] PHP Deprecated:  Function create_function() is deprecated in /var/www/html/wp-content/themes/enfold/config-layerslider/LayerSlider/wp/widgets.php on line 4
[07-Dec-2020 10:15:30 UTC] PHP Deprecated:  Function create_function() is deprecated in /var/www/html/wp-content/themes/enfold/config-layerslider/LayerSlider/wp/widgets.php on line 4
[07-Dec-2020 10:15:30 UTC] PHP Deprecated:  contextual_help est <strong>obsolète</strong> depuis la version 3.3.0 ! Utilisez get_current_screen()->add_help_tab(), get_current_screen()->remove_help_tab() à la place. in /var/www/html/wp-includes/functions.php on line 5152
[07-Dec-2020 10:15:31 UTC] PHP Deprecated:  Function create_function() is deprecated in /var/www/html/wp-content/themes/enfold/config-layerslider/LayerSlider/wp/widgets.php on line 4
[07-Dec-2020 10:15:32 UTC] PHP Deprecated:  Function create_function() is deprecated in /var/www/html/wp-content/themes/enfold/config-layerslider/LayerSlider/wp/widgets.php on line 4
[07-Dec-2020 10:15:33 UTC] PHP Deprecated:  Function create_function() is deprecated in /var/www/html/wp-content/themes/enfold/config-layerslider/LayerSlider/wp/widgets.php on line 4
[07-Dec-2020 10:15:46 UTC] PHP Deprecated:  Function create_function() is deprecated in /var/www/html/wp-content/themes/enfold/config-layerslider/LayerSlider/wp/widgets.php on line 4
[07-Dec-2020 10:15:47 UTC] PHP Deprecated:  contextual_help est <strong>obsolète</strong> depuis la version 3.3.0 ! Utilisez get_current_screen()->add_help_tab(), get_current_screen()->remove_help_tab() à la place. in /var/www/html/wp-includes/functions.php on line 5152
